#
# There is insufficient memory for the Java Runtime Environment to continue.
# Native memory allocation (mmap) failed to map 266338304 bytes. Error detail: G1 virtual space
# Possible reasons:
#   The system is out of physical RAM or swap space
#   This process is running with CompressedOops enabled, and the Java Heap may be blocking the growth of the native heap
# Possible solutions:
#   Reduce memory load on the system
#   Increase physical memory or swap space
#   Check if swap backing store is full
#   Decrease Java heap size (-Xmx/-Xms)
#   Decrease number of Java threads
#   Decrease Java thread stack sizes (-Xss)
#   Set larger code cache with -XX:ReservedCodeCacheSize=
#   JVM is running with Zero Based Compressed Oops mode in which the Java heap is
#     placed in the first 32GB address space. The Java Heap base address is the
#     maximum limit for the native heap growth. Please use -XX:HeapBaseMinAddress
#     to set the Java Heap base and to place the Java Heap above 32GB virtual address.
# This output file may be truncated or incomplete.
#
#  Out of Memory Error (os_windows.cpp:3618), pid=21904, tid=8748
#
# JRE version:  (17.0.18+9) (build )
# Java VM: OpenJDK 64-Bit Server VM (17.0.18+9-LTS, mixed mode, sharing, tiered, compressed oops, compressed class ptrs, g1 gc, windows-amd64)
# No core dump will be written. Minidumps are not enabled by default on client versions of Windows
#

---------------  S U M M A R Y ------------

Command Line: -Dfile.encoding=UTF-8 -Dclassworlds.conf=C:\Program Files\JetBrains\IntelliJ IDEA 2026.1\plugins\maven\lib\maven3\bin\m2.conf -Dmaven.home=C:\Program Files\JetBrains\IntelliJ IDEA 2026.1\plugins\maven\lib\maven3 -Dlibrary.jansi.path=C:\Program Files\JetBrains\IntelliJ IDEA 2026.1\plugins\maven\lib\maven3\lib\jansi-native -Dmaven.multiModuleProjectDirectory=C:\Users\Huawei\PI-javaFX-autolearn org.codehaus.plexus.classworlds.launcher.Launcher -Didea.version=2026.1 -Dmaven.ext.class.path=C:\Program Files\JetBrains\IntelliJ IDEA 2026.1\plugins\maven\lib\intellij.maven.rt\maven-event-listener.jar -Djansi.passthrough=true -Dstyle.color=always -Dmaven.repo.local=C:\Users\Huawei\.m2\repository javafx:run -f pom.xml

Host: Intel(R) Core(TM) i7-10510U CPU @ 1.80GHz, 8 cores, 15G,  Windows 11 , 64 bit Build 26100 (10.0.26100.7019)
Time: Tue Apr 21 06:19:31 2026 Afr. centrale Ouest elapsed time: 0.012493 seconds (0d 0h 0m 0s)

---------------  T H R E A D  ---------------

Current thread (0x000001c50aeef4a0):  JavaThread "Unknown thread" [_thread_in_vm, id=8748, stack(0x0000009722700000,0x0000009722800000)]

Stack: [0x0000009722700000,0x0000009722800000]
Native frames: (J=compiled Java code, j=interpreted, Vv=VM code, C=native code)
V  [jvm.dll+0x68b3f9]
V  [jvm.dll+0x841779]
V  [jvm.dll+0x8434e8]
V  [jvm.dll+0x843b73]
V  [jvm.dll+0x24ce4f]
V  [jvm.dll+0x688259]
V  [jvm.dll+0x67d26a]
V  [jvm.dll+0x30d1b0]
V  [jvm.dll+0x30d052]
V  [jvm.dll+0x3145a9]
V  [jvm.dll+0x366969]
V  [jvm.dll+0x366b9d]
V  [jvm.dll+0x2e42ca]
V  [jvm.dll+0x2e51c8]
V  [jvm.dll+0x81453e]
V  [jvm.dll+0x3745d1]
V  [jvm.dll+0x7f2b85]
V  [jvm.dll+0x3fa38b]
V  [jvm.dll+0x3fbfc1]
C  [jli.dll+0x52f0]
C  [ucrtbase.dll+0x37b0]
C  [KERNEL32.DLL+0x2e8d7]
C  [ntdll.dll+0x8c53c]


---------------  P R O C E S S  ---------------

Threads class SMR info:
_java_thread_list=0x00007fff40750f58, length=0, elements={
}

Java Threads: ( => current thread )

Other Threads:
  0x000001c50af5ee50 GCTaskThread "GC Thread#0" [stack: 0x0000009722800000,0x0000009722900000] [id=33292]
  0x000001c50af70700 ConcurrentGCThread "G1 Main Marker" [stack: 0x0000009722900000,0x0000009722a00000] [id=10220]
  0x000001c50af72750 ConcurrentGCThread "G1 Conc#0" [stack: 0x0000009722a00000,0x0000009722b00000] [id=17884]

[error occurred during error reporting (printing all threads), id 0xc0000005, EXCEPTION_ACCESS_VIOLATION (0xc0000005) at pc=0x00007fff3ff04db7]

VM state: not at safepoint (not fully initialized)

VM Mutex/Monitor currently owned by a thread:  ([mutex/lock_event])
[0x000001c50aeed610] Heap_lock - owner thread: 0x000001c50aeef4a0

Heap address: 0x0000000702800000, size: 4056 MB, Compressed Oops mode: Zero based, Oop shift amount: 3

CDS archive(s) mapped at: [0x0000000000000000-0x0000000000000000-0x0000000000000000), size 0, SharedBaseAddress: 0x0000000800000000, ArchiveRelocationMode: 1.
Narrow klass base: 0x0000000000000000, Narrow klass shift: 0, Narrow klass range: 0x0

GC Precious Log:
<Empty>

Heap:
 garbage-first heap   total 0K, used 0K [0x0000000702800000, 0x0000000800000000)
  region size 2048K, 0 young (0K), 0 survivors (0K)

[error occurred during error reporting (printing heap information), id 0xc0000005, EXCEPTION_ACCESS_VIOLATION (0xc0000005) at pc=0x00007fff402f4989]

GC Heap History (0 events):
No events

Dll operation events (1 events):
Event: 0.006 Loaded shared library C:\Users\Huawei\.jdks\corretto-17.0.18\bin\java.dll

Deoptimization events (0 events):
No events

Classes loaded (0 events):
No events

Classes unloaded (0 events):
No events

Classes redefined (0 events):
No events

Internal exceptions (0 events):
No events

VM Operations (0 events):
No events

Memory protections (0 events):
No events

Nmethod flushes (0 events):
No events

Events (0 events):
No events


Dynamic libraries:
0x00007ff798fc0000 - 0x00007ff798fce000 	C:\Users\Huawei\.jdks\corretto-17.0.18\bin\java.exe
0x00007ff8251e0000 - 0x00007ff825448000 	C:\WINDOWS\SYSTEM32\ntdll.dll
0x00007ff819460000 - 0x00007ff819481000 	C:\Program Files\Avast Software\Avast\aswhook.dll
0x00007ff824710000 - 0x00007ff8247d9000 	C:\WINDOWS\System32\KERNEL32.DLL
0x00007ff822b80000 - 0x00007ff822f78000 	C:\WINDOWS\System32\KERNELBASE.dll
0x00007ff822560000 - 0x00007ff8226ab000 	C:\WINDOWS\System32\ucrtbase.dll
0x00007ff81c650000 - 0x00007ff81c668000 	C:\Users\Huawei\.jdks\corretto-17.0.18\bin\jli.dll
0x00007ff819530000 - 0x00007ff81954e000 	C:\Users\Huawei\.jdks\corretto-17.0.18\bin\VCRUNTIME140.dll
0x00007ff822f90000 - 0x00007ff823157000 	C:\WINDOWS\System32\USER32.dll
0x00007ff80f9d0000 - 0x00007ff80fc64000 	C:\WINDOWS\WinSxS\amd64_microsoft.windows.common-controls_6595b64144ccf1df_6.0.26100.7019_none_3e06ffa0e335b8a8\COMCTL32.dll
0x00007ff822920000 - 0x00007ff822947000 	C:\WINDOWS\System32\win32u.dll
0x00007ff824dd0000 - 0x00007ff824e79000 	C:\WINDOWS\System32\msvcrt.dll
0x00007ff8236b0000 - 0x00007ff8236db000 	C:\WINDOWS\System32\GDI32.dll
0x00007ff8226b0000 - 0x00007ff8227dc000 	C:\WINDOWS\System32\gdi32full.dll
0x00007ff8227e0000 - 0x00007ff822883000 	C:\WINDOWS\System32\msvcp_win.dll
0x00007ff8236f0000 - 0x00007ff823721000 	C:\WINDOWS\System32\IMM32.DLL
0x00007ff81d340000 - 0x00007ff81d34c000 	C:\Users\Huawei\.jdks\corretto-17.0.18\bin\vcruntime140_1.dll
0x00007fffd8d50000 - 0x00007fffd8dd9000 	C:\Users\Huawei\.jdks\corretto-17.0.18\bin\msvcp140.dll
0x00007fff3fc10000 - 0x00007fff40884000 	C:\Users\Huawei\.jdks\corretto-17.0.18\bin\server\jvm.dll
0x00007ff823c30000 - 0x00007ff823ce4000 	C:\WINDOWS\System32\ADVAPI32.dll
0x00007ff823600000 - 0x00007ff8236a6000 	C:\WINDOWS\System32\sechost.dll
0x00007ff824f60000 - 0x00007ff825078000 	C:\WINDOWS\System32\RPCRT4.dll
0x00007ff823af0000 - 0x00007ff823b64000 	C:\WINDOWS\System32\WS2_32.dll
0x00007ff822190000 - 0x00007ff8221ee000 	C:\WINDOWS\SYSTEM32\POWRPROF.dll
0x00007ff81bf00000 - 0x00007ff81bf0b000 	C:\WINDOWS\SYSTEM32\VERSION.dll
0x00007ff80bfc0000 - 0x00007ff80bff5000 	C:\WINDOWS\SYSTEM32\WINMM.dll
0x00007ff822170000 - 0x00007ff822184000 	C:\WINDOWS\SYSTEM32\UMPDC.dll
0x00007ff8210f0000 - 0x00007ff82110b000 	C:\WINDOWS\SYSTEM32\kernel.appcore.dll
0x00007ff81d2f0000 - 0x00007ff81d2fa000 	C:\Users\Huawei\.jdks\corretto-17.0.18\bin\jimage.dll
0x00007ff813b10000 - 0x00007ff813d52000 	C:\WINDOWS\SYSTEM32\DBGHELP.DLL
0x00007ff823760000 - 0x00007ff823aeb000 	C:\WINDOWS\System32\combase.dll
0x00007ff824630000 - 0x00007ff824707000 	C:\WINDOWS\System32\OLEAUT32.dll
0x00007ff813a80000 - 0x00007ff813abc000 	C:\WINDOWS\SYSTEM32\dbgcore.DLL
0x00007ff822ad0000 - 0x00007ff822b75000 	C:\WINDOWS\System32\bcryptPrimitives.dll
0x00007ffffa740000 - 0x00007ffffa766000 	C:\Users\Huawei\.jdks\corretto-17.0.18\bin\java.dll

dbghelp: loaded successfully - version: 4.0.5 - missing functions: none
symbol engine: initialized successfully - sym options: 0x614 - pdb path: .;C:\Users\Huawei\.jdks\corretto-17.0.18\bin;C:\WINDOWS\SYSTEM32;C:\Program Files\Avast Software\Avast;C:\WINDOWS\WinSxS\amd64_microsoft.windows.common-controls_6595b64144ccf1df_6.0.26100.7019_none_3e06ffa0e335b8a8;C:\Users\Huawei\.jdks\corretto-17.0.18\bin\server

VM Arguments:
jvm_args: -Dfile.encoding=UTF-8 -Dclassworlds.conf=C:\Program Files\JetBrains\IntelliJ IDEA 2026.1\plugins\maven\lib\maven3\bin\m2.conf -Dmaven.home=C:\Program Files\JetBrains\IntelliJ IDEA 2026.1\plugins\maven\lib\maven3 -Dlibrary.jansi.path=C:\Program Files\JetBrains\IntelliJ IDEA 2026.1\plugins\maven\lib\maven3\lib\jansi-native -Dmaven.multiModuleProjectDirectory=C:\Users\Huawei\PI-javaFX-autolearn 
java_command: org.codehaus.plexus.classworlds.launcher.Launcher -Didea.version=2026.1 -Dmaven.ext.class.path=C:\Program Files\JetBrains\IntelliJ IDEA 2026.1\plugins\maven\lib\intellij.maven.rt\maven-event-listener.jar -Djansi.passthrough=true -Dstyle.color=always -Dmaven.repo.local=C:\Users\Huawei\.m2\repository javafx:run -f pom.xml
java_class_path (initial): C:\Program Files\JetBrains\IntelliJ IDEA 2026.1\plugins\maven\lib\maven3\boot\plexus-classworlds-2.9.0.jar
Launcher Type: SUN_STANDARD

[Global flags]
     intx CICompilerCount                          = 4                                         {product} {ergonomic}
     uint ConcGCThreads                            = 2                                         {product} {ergonomic}
     uint G1ConcRefinementThreads                  = 8                                         {product} {ergonomic}
   size_t G1HeapRegionSize                         = 2097152                                   {product} {ergonomic}
    uintx GCDrainStackTargetSize                   = 64                                        {product} {ergonomic}
   size_t InitialHeapSize                          = 266338304                                 {product} {ergonomic}
   size_t MarkStackSize                            = 4194304                                   {product} {ergonomic}
   size_t MaxHeapSize                              = 4253024256                                {product} {ergonomic}
   size_t MinHeapDeltaBytes                        = 2097152                                   {product} {ergonomic}
   size_t MinHeapSize                              = 8388608                                   {product} {ergonomic}
    uintx NonNMethodCodeHeapSize                   = 5839372                                {pd product} {ergonomic}
    uintx NonProfiledCodeHeapSize                  = 122909434                              {pd product} {ergonomic}
    uintx ProfiledCodeHeapSize                     = 122909434                              {pd product} {ergonomic}
    uintx ReservedCodeCacheSize                    = 251658240                              {pd product} {ergonomic}
     bool SegmentedCodeCache                       = true                                      {product} {ergonomic}
   size_t SoftMaxHeapSize                          = 4253024256                             {manageable} {ergonomic}
     bool UseCompressedClassPointers               = true                           {product lp64_product} {ergonomic}
     bool UseCompressedOops                        = true                           {product lp64_product} {ergonomic}
     bool UseG1GC                                  = true                                      {product} {ergonomic}
     bool UseLargePagesIndividualAllocation        = false                                  {pd product} {ergonomic}

Logging:
Log output configuration:
 #0: stdout all=warning uptime,level,tags
 #1: stderr all=off uptime,level,tags

Environment Variables:
JAVA_HOME=C:\Users\Huawei\.jdks\corretto-17.0.18
PATH=C:\Program Files (x86)\Common Files\Oracle\Java\javapath;C:\Program Files\Common Files\Oracle\Java\javapath;C:\WINDOWS\system32;C:\WINDOWS;C:\WINDOWS\System32\Wbem;C:\WINDOWS\System32\WindowsPowerShell\v1.0\;C:\WINDOWS\System32\OpenSSH\;C:\Program Files\NVIDIA Corporation\NVIDIA NvDLISR;C:\Program Files (x86)\NVIDIA Corporation\PhysX\Common;C:\Program Files\Java\jdk-22\bin;C:\Program Files\PuTTY\;C:\Program Files\Git\cmd;C:\Program Files\nodejs\;C:\Users\Huawei\scoop\shims;C:\Users\Huawei\AppData\Local\Programs\Python\Python313\Scripts\;C:\Users\Huawei\AppData\Local\Programs\Python\Python313\;C:\Users\Huawei\AppData\Local\Programs\Python\Launcher\;C:\Users\Huawei\AppData\Local\Microsoft\WindowsApps;C:\Users\Huawei\AppData\Local\Programs\Microsoft VS Code\bin;C:\Users\Huawei\AppData\Local\Programs\cursor\resources\app\bin;C:\xampp\php;C:\Users\Huawei\AppData\Local\ComposerSetup\bin;C:\Users\Huawei\AppData\Roaming\Composer\vendor\bin;C:\Users\Huawei\AppData\Roaming\npm;C:\Users\Huawei\AppData\Local\Programs\Antigravity\bin;C:\Users\Huawei\AppData\Local\Programs\Kiro\bin
USERNAME=Huawei
OS=Windows_NT
PROCESSOR_IDENTIFIER=Intel64 Family 6 Model 142 Stepping 12, GenuineIntel
TMP=C:\Users\Huawei\AppData\Local\Temp
TEMP=C:\Users\Huawei\AppData\Local\Temp



Periodic native trim disabled


---------------  S Y S T E M  ---------------

OS:
 Windows 11 , 64 bit Build 26100 (10.0.26100.7019)
OS uptime: 4 days 8:57 hours
Hyper-V role detected

CPU: total 8 (initial active 8) (4 cores per cpu, 2 threads per core) family 6 model 142 stepping 12 microcode 0xde, cx8, cmov, fxsr, ht, mmx, 3dnowpref, sse, sse2, sse3, ssse3, sse4.1, sse4.2, popcnt, lzcnt, tsc, tscinvbit, avx, avx2, aes, erms, clmul, bmi1, bmi2, adx, fma, vzeroupper, clflush, clflushopt, hv
Processor Information for all 8 processors :
  Max Mhz: 2304, Current Mhz: 1803, Mhz Limit: 1797

Memory: 4k page, system-wide physical 16217M (757M free)
TotalPageFile size 28561M (AvailPageFile size 237M)
current process WorkingSet (physical memory assigned to process): 13M, peak: 13M
current process commit charge ("private bytes"): 60M, peak: 314M

vm_info: OpenJDK 64-Bit Server VM (17.0.18+9-LTS) for windows-amd64 JRE (17.0.18+9-LTS), built on Jan 27 2026 22:38:43 by "Administrator" with MS VC++ 17.14 (VS2022)

END.
